--- step: Linux Unit (3.10) ---
Hint: make sure your test modules/packages have valid Python names.
Traceback:
/opt/hostedtoolcache/Python/3.10.20/x64/lib/python3.10/importlib/__init__.py:126: in import_module
    return _bootstrap._gcd_import(name[level:], package, level)
test/unittests/tools/google/test_bazel.py:7: in <module>
    from conan.tools.google.bazeldeps import _relativize_path
E   ImportError: cannot import name '_relativize_path' from 'conan.tools.google.bazeldeps' (/home/runner/work/conan/conan/conan/tools/google/bazeldeps.py)
=============================== warnings summary ===============================
test/unittests/server/crypto/jwt_test.py::test_jwt_manager
  /opt/hostedtoolcache/Python/3.10.20/x64/lib/python3.10/site-packages/jwt/api_jwt.py:147: InsecureKeyLengthWarning: The HMAC key is 8 bytes long, which is below the minimum recommended length of 32 bytes for SHA256. See RFC 7518 Section 3.2.
    return self._jws.encode(
test/unittests/server/crypto/jwt_test.py::test_jwt_manager
  /opt/hostedtoolcache/Python/3.10.20/x64/lib/python3.10/site-packages/jwt/api_jwt.py:368: InsecureKeyLengthWarning: The HMAC key is 8 bytes long, which is below the minimum recommended length of 32 bytes for SHA256. See RFC 7518 Section 3.2.
    decoded = self.decode_complete(
-- Docs: https://docs.pytest.org/en/stable/how-to/capture-warnings.html
============================= slowest 10 durations =============================
7.36s call     test/unittests/util/detect_test.py::DetectTest::test_detect_clang_gcc_toolchain
2.00s call     test/unittests/server/crypto/jwt_test.py::test_jwt_manager
0.50s call     test/unittests/model/conanfile_test.py::ConanFileTest::test_conanfile_naming_complete
0.39s call     test/unittests/model/other_settings_test.py::SettingsTest::test_invalid_settings4
0.32s call     test/unittests/util/detect_test.py::DetectTest::test_detect_aix_0_powerpc
0.28s call     test/unittests/util/detect_test.py::DetectTest::test_detect_arch_5_aarch64
0.28s call     test/unittests/client/optimize_conanfile_load_test.py::OptimizeConanFileLoadTest::test_multiple_load
0.28s call     test/unittests/tools/cmake/test_cmaketoolchain.py::test_libcxx_abi_flag
0.26s call     test/unittests/tools/files_patch_test.py::ToolsFilesPatchTest::test_fuzzy_patch
0.24s call     test/unittests/model/version/test_version_range.py::test_version_range_error_ux
============ 1421 passed, 9 skipped, 2 warnings, 1 error in 15.96s =============
##[error]Process completed with exit code 1.
##[end-action id=__self.__run;outcome=failure;conclusion=failure;duration_ms=17431]
##[start-action display=Rename coverage file;id=__self.__run_2]
##[end-action id=__self.__run_2;outcome=skipped;conclusion=skipped;duration_ms=0]
##[start-action display=Upload coverage artifact;id=__self.__actions_upload-artifact]
##[end-action id=__self.__actions_upload-artifact;outcome=skipped;conclusion=skipped;duration_ms=0]
Post job cleanup.
http.https://github.com/.extraheader