--- step: Linux Functional (3.10) ---
ERROR test/functional/toolchains/scons/test_sconsdeps.py::test_sconsdeps - Failed: Required 'scons' tool version 'Any' is not available
ERROR test/functional/tools/scm/test_git.py::TestGitMonorepoSCMFlow::test_exports_sources_common_code_layout - Failed: Required 'cmake' tool version 'Any' is not available
ERROR test/functional/util/test_cmd_args_to_string.py::test_unix_cases[_input0-. foo] - Failed: Required 'cmake' tool version 'Any' is not available
ERROR test/functional/util/test_cmd_args_to_string.py::test_unix_cases[_input1-. 'foo with sp'] - Failed: Required 'cmake' tool version 'Any' is not available
ERROR test/functional/util/test_cmd_args_to_string.py::test_unix_cases[_input2-. 'foo "with" sp'] - Failed: Required 'cmake' tool version 'Any' is not available
ERROR test/functional/util/test_cmd_args_to_string.py::test_unix_cases[_input3-. ''"'"'foo with sp'"'"''] - Failed: Required 'cmake' tool version 'Any' is not available
ERROR test/functional/util/test_cmd_args_to_string.py::test_unix_cases[_input4-'"."' foo] - Failed: Required 'cmake' tool version 'Any' is not available
ERROR test/functional/util/test_cmd_args_to_string.py::test_unix_cases[_input5-'".' foo] - Failed: Required 'cmake' tool version 'Any' is not available
ERROR test/functional/workspace/test_workspace.py::test_build - Failed: Required 'cmake' tool version 'Any' is not available
ERROR test/functional/workspace/test_workspace.py::test_metabuild - Failed: Required 'cmake' tool version '3.27' is not available
ERROR test/functional/command/test_install_deploy.py::test_install_deploy[False] - Failed: Required 'cmake' tool version 'Any' is not available
ERROR test/functional/command/test_install_deploy.py::test_install_deploy[True] - Failed: Required 'cmake' tool version 'Any' is not available
ERROR test/functional/command/test_install_deploy.py::test_install_full_deploy_layout - Failed: Required 'cmake' tool version 'Any' is not available
ERROR test/functional/toolchains/test_premake.py::test_premake_legacy - Failed: Required 'premake' tool version 'Any' is not available
ERROR test/functional/toolchains/test_premake.py::test_premake_new_generator - Failed: Required 'premake' tool version 'Any' is not available
ERROR test/functional/toolchains/test_premake.py::test_premake_shared_lib - Failed: Required 'premake' tool version 'Any' is not available
= 6 failed, 400 passed, 328 skipped, 1 xfailed, 114 warnings, 241 errors in 306.26s (0:05:06) =
##[error]Process completed with exit code 1.
##[end-action id=__self.__run;outcome=failure;conclusion=failure;duration_ms=307646]
##[start-action display=Rename coverage file;id=__self.__run_2]
##[end-action id=__self.__run_2;outcome=skipped;conclusion=skipped;duration_ms=0]
##[start-action display=Upload coverage artifact;id=__self.__actions_upload-artifact]
##[end-action id=__self.__actions_upload-artifact;outcome=skipped;conclusion=skipped;duration_ms=0]
Post job cleanup.
http.https://github.com/.ext