--- step: check_code_quality ---
env:
  PIP_INDEX_URL: http://localhost:8629/2024-01-10
  UV_INDEX_URL: http://localhost:8629/2024-01-10
  pythonLocation: /opt/hostedtoolcache/Python/3.8.18/x64
  PKG_CONFIG_PATH: /opt/hostedtoolcache/Python/3.8.18/x64/lib/pkgconfig
  Python_ROOT_DIR: /opt/hostedtoolcache/Python/3.8.18/x64
  Python2_ROOT_DIR: /opt/hostedtoolcache/Python/3.8.18/x64
  Python3_ROOT_DIR: /opt/hostedtoolcache/Python/3.8.18/x64
  LD_LIBRARY_PATH: /opt/hostedtoolcache/Python/3.8.18/x64/lib
examples/community/ip_adapter_face_id.py:15:1: I001 [*] Import block is un-sorted or un-formatted
Found 1 error.
[*] 1 fixable with the `--fix` option.
##[error]Process completed with exit code 1.
Post job cleanup.
(node:2782) [DEP0040] DeprecationWarning: The `punycode` module is deprecated. Please use a userland alternative instead.
(Use `node --trace-deprecation ...` to show where the warning was created)
http.https://github.com/.extraheader
 [2026-08-12 20:31:31 +0000] [7] [INFO] Starting gunicorn 23.0.0
 [2026-08-12 20:31:31 +0000] [7] [INFO] Listening at: http://0.0.0.0:8080 (7)
 [2026-08-12 20:31:31 +0000] [7] [INFO] Using worker: sync
 [2026-08-12 20:31:31 +0000] [10] [INFO] Booting worker with pid: 10
0c179f9b3f2d1efe8c2f1c0c6f83e00e7fd4ff85280f83da81267252c018ff12
github_network_bcd9a4ab5eee4ccface75551261b341d