--- step: pre-commit ---
                )
            else:
                cycle_t = 1
            scale = cycle_t * (1 - self.min_lr_scale) + self.min_lr_scale
        if isinstance(original, Sequence):
            return [lr * scale for lr in original]
        return original * scale
def sharded_paths(path: str, module_names: List[str]) -> Dict[str, str]: (duplicate-code)
------------------------------------
Your code has been rated at 10.00/10
mypy.....................................................................Passed
bandit...................................................................Passed
##[error]Process completed with exit code 1.
##[end-action id=__pre-commit_action.__run_3;outcome=failure;conclusion=failure;duration_ms=88043]
Post job cleanup.
##[start-action display=Run actions/cache@v4;id=__84465484-cecb-458f-9b24-6487b1a5ba10.__actions_cache]
##[end-action id=__84465484-cecb-458f-9b24-6487b1a5ba10.__actions_cache;outcome=skipped;conclusion=skipped;duration_ms=0]
Post job cleanup.
http.https://github.com/.extraheader