--- step: build (3.14, windows-latest) ---
ERROR: Could not find a version that satisfies the requirement pyinstaller==6.11.1 (from versions: 2.0, 2.1, 3.0, 3.1, 3.1.1, 3.2, 3.2.1, 3.3, 3.3.1, 3.4, 3.5, 3.6, 4.0, 4.1, 4.2, 4.3, 4.4, 4.5, 4.5.1, 6.15.0, 6.16.0, 6.17.0, 6.18.0, 6.19.0, 6.20.0, 6.21.0, 6.22.0)
[notice] A new release of pip is available: 26.2 -> 26.2.1
[notice] To update, run: python.exe -m pip install --upgrade pip
ERROR: No matching distribution found for pyinstaller==6.11.1
Traceback (most recent call last):
  File "D:\a\aws-cli\aws-cli\scripts\ci\install", line 26, in <module>
    run("python -m pip install --no-build-isolation -r requirements-dev-lock.txt")
    ~~~^^^^^^^^^^^^^^^^^^^^^^^^^^^^^^^^^^^^^^^^^^^^^^^^^^^^^^^^^^^^^^^^^^^^^^^^^^^
  File "D:\a\aws-cli\aws-cli\scripts\ci\install", line 15, in run
    return check_call(command, shell=True)
  File "C:\hostedtoolcache\windows\Python\3.14.6\x64\Lib\subprocess.py", line 420, in check_call
    raise CalledProcessError(retcode, cmd)
subprocess.CalledProcessError: Command 'python -m pip install --no-build-isolation -r requirements-dev-lock.txt' returned non-zero exit status 1.
C:\hostedtoolcache\windows\Python\3.14.6\x64\python.exe: can't open file 'D:\\a\\aws-cli\\aws-cli\\scripts\\ci\\install-check': [Errno 2] No such file or directory
##[error]Process completed with exit code 1.
Post job cleanup.
[command]"C:\Program Files\Git\bin\git.exe" version
[command]"C:\Program Files\Git\bin\git.exe" config --global --add safe.directory D:\a\aws-cli\aws-cli
[command]"C:\Program Files\Git\bin\git.exe" config --local --name-only --get-regexp core\.sshCommand
[command]"C:\Program Files\Git\bin\git.exe" submodule foreach --recursive "sh -c \"git config --local --name-only --get-regexp 'core\.sshCommand' && git config --local --unset-all 'core.sshCommand' || :\""
[command]"C:\Program Files\Git\bin\git.exe" config --local --name-only --get-regexp http\.https\:\/\/github\.com\/\.extraheader
http.https://github.com/.extraheader
[command]"C:\Program Files\Git\bin\git.exe" config --local --unset-all http.https://github.com/.extraheader
[command]"C:\Program Files\Git\bin\git.exe" submodule foreach --recursive "sh -c \"git config --local --name-only --get-regexp 'http\.https\:\/\/github\.com\/\.extraheader' && git config --local --unset-all 'http.https://github.com/.extraheader' || :\""
[command]"C:\Program Files\Git\bin\git.exe" config --local --name-only --get-regexp ^includeIf\.gitdir:
[command]"C:\Program Files\Git\bin\git.exe" submodule foreach --recursive "git config --local --show-origin --name-only --get-regexp remote.origin.url"

--- step: build (3.14, ubuntu-latest) ---
  Downloading platformdirs-4.3.7-py3-none-any.whl (18 kB)
  Downloading pluggy-1.5.0-py3-none-any.whl (20 kB)
ERROR: Ignored the following versions that require a different python version: 4.10 Requires-Python >=3.6,<3.11; 4.6 Requires-Python >=3.6,<3.11; 4.7 Requires-Python >=3.6,<3.11; 4.8 Requires-Python >=3.6,<3.11; 4.