--- step: Linux Unit (3.10) ---
    from conan.internal.api.profile.detect import detect_defaults_settings
conan/internal/api/profile/detect.py:2: in <module>
    from conan.internal.api.detect.detect_api import detect_os, detect_arch, default_msvc_runtime, \
E   ImportError: cannot import name 'detect_cstd' from 'conan.internal.api.detect.detect_api' (/home/runner/work/conan/conan/conan/internal/api/detect/detect_api.py)
=============================== warnings summary ===============================
test/unittests/server/crypto/jwt_test.py::test_jwt_manager
  /opt/hostedtoolcache/Python/3.10.20/x64/lib/python3.10/site-packages/jwt/api_jwt.py:147: InsecureKeyLengthWarning: The HMAC key is 8 bytes long, which is below the minimum recommended length of 32 bytes for SHA256. See RFC 7518 Section 3.2.
    return self._jws.encode(
test/unittests/server/crypto/jwt_test.py::test_jwt_manager
  /opt/hostedtoolcache/Python/3.10.20/x64/lib/python3.10/site-packages/jwt/api_jwt.py:368: InsecureKeyLengthWarning: The HMAC key is 8 bytes long, which is below the minimum recommended length of 32 bytes for SHA256. See RFC 7518 Section 3.2.
    decoded = self.decode_complete(
-- Docs: https://docs.pytest.org/en/stable/how-to/capture-warnings.html
============================= slowest 10 durations =============================
2.00s call     test/unittests/server/crypto/jwt_test.py::test_jwt_manager
0.44s call     test/unittests/model/other_settings_test.py::SettingsTest::test_invalid_settings4
0.39s call     test/unittests/model/conanfile_test.py::ConanFileTest::test_conanfile_naming_complete
0.27s call     test/unittests/client/optimize_conanfile_load_test.py::OptimizeConanFileLoadTest::test_multiple_load
0.25s call     test/unittests/tools/cmake/test_cmaketoolchain.py::test_libcxx_abi_flag
0.21s call     test/unittests/model/other_settings_test.py::SettingsTest::test_settings_as_a_str
0.20s call     test/unittests/tools/files/test_downloads.py::TestDownload::test_download_retries_500_errors
0.20s call     test/unittests/tools/files/test_downloads.py::TestDownload::test_download_retries_errors
0.18s call     test/unittests/tools/files_patch_test.py::ToolsFilesPatchTest::test_fuzzy_patch
0.16s call     test/unittests/model/version/test_version_range.py::test_version_range_error_ux
=========================== short test summary info ============================
ERROR test/unittests/util/detect_test.py
============= 1409 passed, 9 skipped, 2 warnings, 1 error in 7.79s =============
##[error]Process completed with exit code 1.
##[end-action id=__self.__run;outcome=failure;conclusion=failure;duration_ms=8537]
##[start-action display=Rename coverage file;id=__self.__run_2]
##[end-action id=__self.__run_2;outcome=skipped;conclusion=skipped;duration_ms=0]
##[start-action display=Upload coverage artifact;id=__self.__actions_upload-artifact]
##[end-action id=__self.__actions_upload-artifact;outcome=skipped;conclusion=skipped;duration_ms=0]
Post job cleanup.
http.https://git