--- step: style-check (3.9) ---
188 |             # Search sometimes fails with stale cache data, it means the doc doesn't exist
... (2807 lines omitted)
2 | from typing import Any, Dict, List, Optional
  | ^^^^^^^^^^^^^^^^^^^^^^^^^^^^^^^^^^^^^^^^^^^^
3 |
4 | try:
  |
RUF100 [*] Unused `noqa` directive (unused: `F401`)
 --> agno/vectordb/qdrant/qdrant.py:5:64
  |
4 | try:
5 |     from qdrant_client import AsyncQdrantClient, QdrantClient  # noqa: F401
  |                                                                ^^^^^^^^^^^^
6 |     from qdrant_client.http import models
7 | except ImportError:
  |
help: Remove unused `noqa` directive
  |
4 | try:
  -     from qdrant_client import AsyncQdrantClient, QdrantClient  # noqa: F401
5 +     from qdrant_client import AsyncQdrantClient, QdrantClient
6 |     from qdrant_client.http import models
  |
FA100 Add `from __future__ import annotations` to simplify `typing.Optional`
  --> agno/vectordb/qdrant/qdrant.py:31:19
   |
29 |         self,
... (8877 lines omitted)
   -         with pytest.raises(ValueError, match="TODOIST_API_TOKEN not set"):
   -             TodoistTools()
49 +     with patch.dict("os.environ", clear=True), pytest.raises(ValueError, match="TODOIST_API_TOKEN not set"):
50 +         TodoistTools()
51 |
   |
SIM117 Use a single `with` statement with multiple contexts instead of nested `with` statements
   --> tests/unit/tools/test_visualization.py:431:5
    |
429 |   def test_matplotlib_import_error():
430 |       """Test handling of matplotlib import error."""
431 | /     with patch.dict("sys.modules", {"matplotlib": None}):
432 | |         with pytest.raises(ImportError, match="matplotlib is not installed"):
    | |_____________________________________________________________________________^
433 |               VisualizationTools()
    |
help: Combine `with` statements
SIM117 Use a single `with` statement with multiple contexts instead of nested `with` statements
  --> tests/unit/tools/test_webex.py:49:5
   |
47 |   def test_init_with_env_var():
48 |       """Test initialization with environment variable."""
49 | /     with patch("agno.tools.webex.WebexAPI") as mock_api:
50 | |         with patch.dict("os.environ", {"WEBEX_ACCESS_TOKEN": "env_token"}):
   | |___________________________________________________________________________^
... (730 lines omitted)
UP006 Use `list` instead of `List` for type annotation
  --> tests/unit/vectordb/test_weaviatedb.py:48:27
   |
47 | @pytest.fixture
48 | def sample_documents() -> List[Document]:
   |                           ^^^^
49 |     """Fixture to create sample documents"""
50 |     return [
   |
help: Replace with `list`
Found 9464 errors.
[*] 481 fixable with the `--fix` option (7430 hidden fixes can be enabled with the `--unsafe-fixes` option).
##[error]Process completed with exit code 1.
Post job cleanup.
(node:2403) [DEP0040] DeprecationWarning: The `punycode` module is deprecated. Please use a userland alternative instead.
(Use `node -