--- step: Python 3.12 ---
grep: warning: ? at start of expression
CHANGELOG_VERSION: 0.26.0
+ ruff format httpx tests --diff
VERSION: 0.26.0
60 files already formatted
+ mypy httpx tests
Success: no issues found in 60 source files
+ ruff check httpx tests
httpx/_config.py:1:1: I001 [*] Import block is un-sorted or un-formatted
httpx/_transports/default.py:26:1: I001 [*] Import block is un-sorted or un-formatted
Found 2 errors.
[*] 2 fixable with the `--fix` option.
##[error]Process completed with exit code 1.
Post job cleanup.
http.https://github.com/.extraheader
 [2026-08-12 20:32:02 +0000] [7] [INFO] Starting gunicorn 23.0.0
 [2026-08-12 20:32:02 +0000] [7] [INFO] Listening at: http://0.0.0.0:8080 (7)
 [2026-08-12 20:32:02 +0000] [7] [INFO] Using worker: sync
 [2026-08-12 20:32:02 +0000] [10] [INFO] Booting worker with pid: 10
377333fcd4e9b53d672af5bf993c4b0199cd150000645fe1686ec2ca470afc35
github_network_d4997a67a5654741910e54e8283e6d0b