--- step: type-checker ---
    at s (/home/runner/work/browser-use/browser-use/.venv/lib/python3.11/site-packages/pyright/dist/dist/pyright-internal/src/analyzer/typeEvaluator.ts:4404:13)
    at tl (/home/runner/work/browser-use/browser-use/.venv/lib/python3.11/site-packages/pyright/dist/dist/pyright-internal/src/analyzer/typeEvaluator.ts:4462:13)
    at tR (/home/runner/work/browser-use/browser-use/.venv/lib/python3.11/site-packages/pyright/dist/dist/pyright-internal/src/analyzer/typeEvaluator.ts:10072:26)
    at /home/runner/work/browser-use/browser-use/.venv/lib/python3.11/site-packages/pyright/dist/dist/pyright-internal/src/analyzer/typeEvaluator.ts:8746:36
    at /home/runner/work/browser-use/browser-use/.venv/lib/python3.11/site-packages/pyright/dist/dist/pyright-internal/src/analyzer/typeEvaluator.ts:8809:5
    at aJ (/home/runner/work/browser-use/browser-use/.venv/lib/python3.11/site-packages/pyright/dist/dist/pyright-internal/src/analyzer/typeEvaluator.ts:22175:28)
    at /home/runner/work/browser-use/browser-use/.venv/lib/python3.11/site-packages/pyright/dist/dist/pyright-internal/src/analyzer/typeEvaluator.ts:1296:30
... (40 lines omitted)
    at /home/runner/work/browser-use/browser-use/.venv/lib/python3.11/site-packages/pyright/dist/dist/pyright-internal/src/analyzer/typeEvaluator.ts:23370:15
    at na (/home/runner/work/browser-use/browser-use/.venv/lib/python3.11/site-packages/pyright/dist/dist/pyright-internal/src/analyzer/typeEvaluator.ts:23486:5)
    at /home/runner/work/browser-use/browser-use/.venv/lib/python3.11/site-packages/pyright/dist/dist/pyright-internal/src/analyzer/typeEvaluator.ts:4930:39
    at /home/runner/work/browser-use/browser-use/.venv/lib/python3.11/site-packages/pyright/dist/dist/pyright-internal/src/analyzer/typeEvaluator.ts:5061:5
    at eN (/home/runner/work/browser-use/browser-use/.venv/lib/python3.11/site-packages/pyright/dist/dist/pyright-internal/src/analyzer/typeEvaluator.ts:1482:5)
    at /home/runner/work/browser-use/browser-use/.venv/lib/python3.11/site-packages/pyright/dist/dist/pyright-internal/src/analyzer/typeEvaluator.ts:5690:32
    at /home/runner/work/browser-use/browser-use/.venv/lib/python3.11/site-packages/pyright/dist/dist/pyright-internal/src/analyzer/typeEvaluator.ts:5798:5
    at eN (/home/runner/work/browser-use/browser-use/.venv/lib/python3.11/site-packages/pyright/dist/dist/pyright-internal/src/analyzer/typeEvaluator.ts:1482:5)
    at /home/runner/work/browser-use/browser-use/.venv/lib/python3.11/site-packages/pyright/dist/dist/pyright-internal/src/analyzer/typeEvaluator.ts:8796:25
    at Array.forEach (<anonymous>)
    at /home/runner/work/browser-use/browser-use/.venv/lib/python3.11/site-packages/pyright/dist/dist/pyright-internal/src/analyzer/typeEvaluator.ts:8790:25
    at /home/runner/work/browser-use/browser-use/.venv/lib/python3.11/site-packages/pyright/dist/dist/pyright-internal/src/analyzer/typeEvaluator.ts:8809:5
##[error]Process completed with exit code 2.
Post job clea