--- step: PyTest (3.11, 2.8.0) ---
    axolotl-contribs-lgpl 0.0.6 depends on torch>=2.3.1
    axolotl-contribs-mit 0.0.3 depends on torch>=2.4.1
    bitsandbytes 0.46.0 depends on torch<3 and >=2.2
    liger-kernel 0.5.10 depends on torch>=2.1.2
    lm-eval 0.4.7 depends on torch>=1.8
    xformers 0.0.30 depends on torch==2.7.0
Additionally, some packages in these conflicts have no matching distributions available for your environment:
    torch
To fix this you could try to:
1. loosen the range of package versions you've specified
2. remove package versions to allow pip to attempt to solve the dependency conflict
ERROR: ResolutionImpossible: for help visit https://pip.pypa.io/en/latest/topics/dependency-resolution/#dealing-with-dependency-conflicts
##[error]Process completed with exit code 1.
Post job cleanup.
http.https://github.com/.extraheader

--- step: PyTest (3.11, 2.9.0) ---
    axolotl-contribs-lgpl 0.0.6 depends on torch>=2.3.1
    axolotl-contribs-mit 0.0.3 depends on torch>=2.4.1
    bitsandbytes 0.46.0 depends on torch<3 and >=2.2
    liger-kernel 0.5.10 depends on torch>=2.1.2
    lm-eval 0.4.7 depends on torch>=1.8
    xformers 0.0.30 depends on torch==2.7.0
Additionally, some packages in these conflicts have no matching distributions available for your environment:
    torch
To fix this you could try to:
1. loosen the range of package versions you've specified
2. remove package versions to allow pip to attempt to solve the dependency conflict
ERROR: ResolutionImpossible: for help visit https://pip.pypa.io/en/latest/topics/dependency-resolution/#dealing-with-dependency-conflicts
##[error]Process completed with exit code 1.
Post job cleanup.
http.https://github.com/.extraheader